// Jest Snapshot v1, https://goo.gl/fbAQLP

exports[`Pruebas en <GifItem /> Evaluar el Snapshot 1`] = `
<div>
  <div
    class="card"
  >
    <img
      alt="Esta es una prueba"
      src=""
    />
    <p>
      Esta es una prueba
    </p>
  </div>
</div>
`;
