// Jest Snapshot v1, https://goo.gl/fbAQLP

exports[`Pruebas en <GifItem /> debe hacer match con el Snapshot 1`] = `
<div>
  <div
    class="card"
  >
    <img
      alt="Esta es una prueba"
      src="http://localhost/"
    />
    <p>
      Esta es una prueba
    </p>
  </div>
</div>
`;
